[debug] [2026-03-31T14:37:11.323Z] ----------------------------------------------------------------------
[debug] [2026-03-31T14:37:11.332Z] Command:       C:\Program Files\nodejs\node.exe C:\Users\palha\AppData\Roaming\npm\node_modules\firebase-tools\lib\bin\firebase.js projects:list --json
[debug] [2026-03-31T14:37:11.333Z] CLI Version:   15.1.0
[debug] [2026-03-31T14:37:11.333Z] Platform:      win32
[debug] [2026-03-31T14:37:11.334Z] Node Version:  v24.13.0
[debug] [2026-03-31T14:37:11.334Z] Time:          Tue Mar 31 2026 20:07:11 GMT+0530 (India Standard Time)
[debug] [2026-03-31T14:37:11.334Z] ----------------------------------------------------------------------
[debug] 
[debug] [2026-03-31T14:37:11.341Z] >>> [apiv2][query] GET https://firebase-public.firebaseio.com/cli.json [none]
[debug] [2026-03-31T14:37:11.835Z] > command requires scopes: ["email","openid","https://www.googleapis.com/auth/cloudplatformprojects.readonly","https://www.googleapis.com/auth/firebase","https://www.googleapis.com/auth/cloud-platform"]
[debug] [2026-03-31T14:37:11.836Z] > authorizing via signed-in user (palhariom698@gmail.com)
[debug] [2026-03-31T14:37:11.840Z] Checked if tokens are valid: false, expires at: 1767528629770
[debug] [2026-03-31T14:37:11.841Z] Checked if tokens are valid: false, expires at: 1767528629770
[debug] [2026-03-31T14:37:11.841Z] > refreshing access token with scopes: []
[debug] [2026-03-31T14:37:11.844Z] >>> [apiv2][query] POST https://www.googleapis.com/oauth2/v3/token [none]
[debug] [2026-03-31T14:37:11.844Z] >>> [apiv2][body] POST https://www.googleapis.com/oauth2/v3/token [omitted]
[debug] [2026-03-31T14:37:18.616Z] <<< [apiv2][status] GET https://firebase-public.firebaseio.com/cli.json 200
[debug] [2026-03-31T14:37:18.617Z] <<< [apiv2][body] GET https://firebase-public.firebaseio.com/cli.json {"cloudBuildErrorAfter":1594252800000,"cloudBuildWarnAfter":1590019200000,"defaultNode10After":1594252800000,"minVersion":"3.0.5","node8DeploysDisabledAfter":1613390400000,"node8RuntimeDisabledAfter":1615809600000,"node8WarnAfter":1600128000000}
[debug] [2026-03-31T14:37:19.946Z] <<< [apiv2][status] POST https://www.googleapis.com/oauth2/v3/token 200
[debug] [2026-03-31T14:37:19.946Z] <<< [apiv2][body] POST https://www.googleapis.com/oauth2/v3/token [omitted]
[debug] [2026-03-31T14:37:19.961Z] >>> [apiv2][query] GET https://firebase.googleapis.com/v1beta1/projects pageSize=1000
[debug] [2026-03-31T14:37:36.462Z] <<< [apiv2][status] GET https://firebase.googleapis.com/v1beta1/projects 200
