kotlin version: 2.2.10
error message: org.jetbrains.kotlin.backend.common.BackendException: Backend Internal error: Exception during IR fake override builder
File being compiled: C:/Users/palha/preamble/app/build/generated/ksp/debug/kotlin/com/theblankstate/preamble/data/FocusSessionDao_Impl.kt
The root cause java.lang.OutOfMemoryError was thrown at: java.base/java.util.HashSet.<init>(HashSet.java:171)
	at org.jetbrains.kotlin.backend.common.BackendException$Companion.report(BackendException.kt:31)
	at org.jetbrains.kotlin.backend.common.BackendException$Companion.report$default(BackendException.kt:15)
	at org.jetbrains.kotlin.fir.pipeline.Fir2IrPipeline.buildForAll(convertToIr.kt:371)
	at org.jetbrains.kotlin.fir.pipeline.Fir2IrPipeline.buildFakeOverrides(convertToIr.kt:314)
	at org.jetbrains.kotlin.fir.pipeline.Fir2IrPipeline.buildFakeOverridesAndPlatformSpecificDeclarations(convertToIr.kt:302)
	at org.jetbrains.kotlin.fir.pipeline.Fir2IrPipeline.runActualizationPipeline(convertToIr.kt:210)
	at org.jetbrains.kotlin.fir.pipeline.Fir2IrPipeline.convertToIrAndActualize(convertToIr.kt:128)
	at org.jetbrains.kotlin.fir.pipeline.ConvertToIrKt.convertToIrAndActualize(convertToIr.kt:97)
	at org.jetbrains.kotlin.fir.pipeline.ConvertToIrKt.convertToIrAndActualize$default(convertToIr.kt:72)
	at org.jetbrains.kotlin.cli.jvm.compiler.legacy.pipeline.JvmCompilerPipelineKt.convertToIrAndActualizeForJvm(jvmCompilerPipeline.kt:109)
	at org.jetbrains.kotlin.cli.pipeline.jvm.JvmFir2IrPipelinePhase.executePhase(JvmFir2IrPipelinePhase.kt:26)
	at org.jetbrains.kotlin.cli.pipeline.jvm.JvmFir2IrPipelinePhase.executePhase(JvmFir2IrPipelinePhase.kt:17)
	at org.jetbrains.kotlin.cli.pipeline.PipelinePhase.phaseBody(PipelinePhase.kt:68)
	at org.jetbrains.kotlin.cli.pipeline.PipelinePhase.phaseBody(PipelinePhase.kt:58)
	at org.jetbrains.kotlin.config.phaser.NamedCompilerPhase.invoke(CompilerPhase.kt:102)
	at org.jetbrains.kotlin.backend.common.phaser.CompositePhase.invoke(PhaseBuilders.kt:22)
	at org.jetbrains.kotlin.config.phaser.CompilerPhaseKt.invokeToplevel(CompilerPhase.kt:53)
	at org.jetbrains.kotlin.cli.pipeline.AbstractCliPipeline.runPhasedPipeline(AbstractCliPipeline.kt:109)
	at org.jetbrains.kotlin.cli.pipeline.AbstractCliPipeline.execute(AbstractCliPipeline.kt:68)
	at org.jetbrains.kotlin.cli.jvm.K2JVMCompiler.doExecutePhased(K2JVMCompiler.kt:78)
	at org.jetbrains.kotlin.cli.jvm.K2JVMCompiler.doExecutePhased(K2JVMCompiler.kt:44)
	at org.jetbrains.kotlin.cli.common.CLICompiler.execImpl(CLICompiler.kt:90)
	at org.jetbrains.kotlin.cli.common.CLICompiler.exec(CLICompiler.kt:352)
	at org.jetbrains.kotlin.incremental.IncrementalJvmCompilerRunnerBase.runCompiler(IncrementalJvmCompilerRunnerBase.kt:175)
	at org.jetbrains.kotlin.incremental.IncrementalJvmCompilerRunnerBase.runCompiler(IncrementalJvmCompilerRunnerBase.kt:38)
	at org.jetbrains.kotlin.incremental.IncrementalCompilerRunner.doCompile(IncrementalCompilerRunner.kt:504)
	at org.jetbrains.kotlin.incremental.IncrementalCompilerRunner.compileImpl(IncrementalCompilerRunner.kt:421)
	at org.jetbrains.kotlin.incremental.IncrementalCompilerRunner.compileNonIncrementally(IncrementalCompilerRunner.kt:306)
	at org.jetbrains.kotlin.incremental.IncrementalCompilerRunner.compile(IncrementalCompilerRunner.kt:133)
	at org.jetbrains.kotlin.daemon.CompileServiceImplBase.execIncrementalCompiler(CompileServiceImpl.kt:679)
	at org.jetbrains.kotlin.daemon.CompileServiceImplBase.access$execIncrementalCompiler(CompileServiceImpl.kt:93)
	at org.jetbrains.kotlin.daemon.CompileServiceImpl.compile(CompileServiceImpl.kt:1806)
	at java.base/jdk.internal.reflect.DirectMethodHandleAccessor.invoke(DirectMethodHandleAccessor.java:103)
	at java.base/java.lang.reflect.Method.invoke(Method.java:580)
	at java.rmi/sun.rmi.server.UnicastServerRef.dispatch(UnicastServerRef.java:360)
	at java.rmi/sun.rmi.transport.Transport$1.run(Transport.java:200)
	at java.rmi/sun.rmi.transport.Transport$1.run(Transport.java:197)
	at java.base/java.security.AccessController.doPrivileged(AccessController.java:714)
	at java.rmi/sun.rmi.transport.Transport.serviceCall(Transport.java:196)
	at java.rmi/sun.rmi.transport.tcp.TCPTransport.handleMessages(TCPTransport.java:598)
	at java.rmi/sun.rmi.transport.tcp.TCPTransport$ConnectionHandler.run0(TCPTransport.java:844)
	at java.rmi/sun.rmi.transport.tcp.TCPTransport$ConnectionHandler.lambda$run$0(TCPTransport.java:721)
	at java.base/java.security.AccessController.doPrivileged(AccessController.java:400)
	at java.rmi/sun.rmi.transport.tcp.TCPTransport$ConnectionHandler.run(TCPTransport.java:720)
	at java.base/java.util.concurrent.ThreadPoolExecutor.runWorker(ThreadPoolExecutor.java:1144)
	at java.base/java.util.concurrent.ThreadPoolExecutor$Worker.run(ThreadPoolExecutor.java:642)
	at java.base/java.lang.Thread.run(Thread.java:1583)
Caused by: java.lang.OutOfMemoryError: GC overhead limit exceeded
	at java.base/java.util.HashSet.<init>(HashSet.java:171)
	at java.base/java.util.LinkedHashSet.<init>(LinkedHashSet.java:181)
	at kotlin.collections.CollectionsKt___CollectionsKt.toMutableSet(_Collections.kt:1710)
	at org.jetbrains.kotlin.ir.overrides.IrFakeOverrideBuilder.generateOverridesInFunctionGroup(IrFakeOverrideBuilder.kt:171)
	at org.jetbrains.kotlin.ir.overrides.IrFakeOverrideBuilder.buildFakeOverridesForClassImpl(IrFakeOverrideBuilder.kt:112)
	at org.jetbrains.kotlin.ir.overrides.IrFakeOverrideBuilder.buildFakeOverridesForClass$lambda$9(IrFakeOverrideBuilder.kt:69)
	at org.jetbrains.kotlin.ir.overrides.IrFakeOverrideBuilder$$Lambda/0x000001a4168cb720.invoke(Unknown Source)
	at org.jetbrains.kotlin.ir.overrides.FakeOverrideBuilderStrategy$BindToPrivateSymbols.inFile(FakeOverrideBuilderStrategy.kt:186)
	at org.jetbrains.kotlin.ir.overrides.IrFakeOverrideBuilder.buildFakeOverridesForClass(IrFakeOverrideBuilder.kt:64)
	at org.jetbrains.kotlin.fir.pipeline.Fir2IrPipeline.buildForAll$buildFakeOverrides(convertToIr.kt:341)
	at org.jetbrains.kotlin.fir.pipeline.Fir2IrPipeline.access$buildForAll$buildFakeOverrides(convertToIr.kt:100)
	at org.jetbrains.kotlin.fir.pipeline.Fir2IrPipeline$buildForAll$ClassVisitor.visitClass(convertToIr.kt:360)
	at org.jetbrains.kotlin.ir.visitors.IrVisitorVoid.visitClass(IrVisitorVoid.kt:44)
	at org.jetbrains.kotlin.ir.visitors.IrVisitorVoid.visitClass(IrVisitorVoid.kt:18)
	at org.jetbrains.kotlin.ir.declarations.IrClass.accept(IrClass.kt:72)
	at org.jetbrains.kotlin.ir.declarations.IrPackageFragment.acceptChildren(IrPackageFragment.kt:27)
	at org.jetbrains.kotlin.ir.visitors.IrVisitorsKt.acceptChildrenVoid(IrVisitors.kt:23)
	at org.jetbrains.kotlin.fir.pipeline.Fir2IrPipeline$buildForAll$ClassVisitor.visitElement(convertToIr.kt:347)
	at org.jetbrains.kotlin.ir.visitors.IrVisitorVoid.visitPackageFragment(IrVisitorVoid.kt:168)
	at org.jetbrains.kotlin.ir.visitors.IrVisitorVoid.visitFile(IrVisitorVoid.kt:184)
	at org.jetbrains.kotlin.ir.visitors.IrVisitorVoid.visitFile(IrVisitorVoid.kt:180)
	at org.jetbrains.kotlin.ir.visitors.IrVisitorVoid.visitFile(IrVisitorVoid.kt:18)
	at org.jetbrains.kotlin.ir.declarations.IrFile.accept(IrFile.kt:27)
	at org.jetbrains.kotlin.ir.visitors.IrVisitorsKt.acceptVoid(IrVisitors.kt:11)
	at org.jetbrains.kotlin.fir.pipeline.Fir2IrPipeline.buildForAll(convertToIr.kt:369)
	at org.jetbrains.kotlin.fir.pipeline.Fir2IrPipeline.buildFakeOverrides(convertToIr.kt:314)
	at org.jetbrains.kotlin.fir.pipeline.Fir2IrPipeline.buildFakeOverridesAndPlatformSpecificDeclarations(convertToIr.kt:302)
	at org.jetbrains.kotlin.fir.pipeline.Fir2IrPipeline.runActualizationPipeline(convertToIr.kt:210)
	at org.jetbrains.kotlin.fir.pipeline.Fir2IrPipeline.convertToIrAndActualize(convertToIr.kt:128)
	at org.jetbrains.kotlin.fir.pipeline.ConvertToIrKt.convertToIrAndActualize(convertToIr.kt:97)
	at org.jetbrains.kotlin.fir.pipeline.ConvertToIrKt.convertToIrAndActualize$default(convertToIr.kt:72)
	at org.jetbrains.kotlin.cli.jvm.compiler.legacy.pipeline.JvmCompilerPipelineKt.convertToIrAndActualizeForJvm(jvmCompilerPipeline.kt:109)


