kotlin version: 2.2.10
error message: java.lang.OutOfMemoryError: GC overhead limit exceeded
	at org.jetbrains.kotlin.name.FqName.<init>(FqName.kt:37)
	at org.jetbrains.kotlin.ir.util.IrUtilsKt.getFqNameWhenAvailable(IrUtils.kt:267)
	at org.jetbrains.kotlin.ir.types.IrTypesKt.getClassFqName(irTypes.kt:110)
	at androidx.compose.compiler.plugins.kotlin.lower.ComposableTargetAnnotationsTransformer.isComposableLambda(ComposableTargetAnnotationsTransformer.kt:490)
	at androidx.compose.compiler.plugins.kotlin.lower.ComposableTargetAnnotationsTransformer.isOrHasComposableLambda$kotlin_compose_compiler_plugin(ComposableTargetAnnotationsTransformer.kt:499)
	at androidx.compose.compiler.plugins.kotlin.lower.InferenceFunctionDeclaration.parameters(ComposableTargetAnnotationsTransformer.kt:646)
	at androidx.compose.compiler.plugins.kotlin.lower.InferenceFunctionDeclaration.toScheme(ComposableTargetAnnotationsTransformer.kt:628)
	at androidx.compose.compiler.plugins.kotlin.lower.InferenceFunctionDeclaration.toDeclaredScheme(ComposableTargetAnnotationsTransformer.kt:605)
	at androidx.compose.compiler.plugins.kotlin.lower.InferenceFunction.toDeclaredScheme$default(ComposableTargetAnnotationsTransformer.kt:548)
	at androidx.compose.compiler.plugins.kotlin.lower.ComposableTargetAnnotationsTransformer$infer$1.declaredSchemaOf(ComposableTargetAnnotationsTransformer.kt:95)
	at androidx.compose.compiler.plugins.kotlin.lower.ComposableTargetAnnotationsTransformer$infer$1.declaredSchemaOf(ComposableTargetAnnotationsTransformer.kt:92)
	at androidx.compose.compiler.plugins.kotlin.inference.ApplierInferencer.toLazyScheme$lambda$3$declaredSchemeOf(ApplierInferencer.kt:187)
	at androidx.compose.compiler.plugins.kotlin.inference.ApplierInferencer.toLazyScheme(ApplierInferencer.kt:206)
	at androidx.compose.compiler.plugins.kotlin.inference.ApplierInferencer.toLazyScheme$default(ApplierInferencer.kt:183)
	at androidx.compose.compiler.plugins.kotlin.inference.ApplierInferencer.restartable$schemeOf(ApplierInferencer.kt:318)
	at androidx.compose.compiler.plugins.kotlin.inference.ApplierInferencer.restartable$callBindingsOf(ApplierInferencer.kt:349)
	at androidx.compose.compiler.plugins.kotlin.inference.ApplierInferencer.access$restartable$callBindingsOf(ApplierInferencer.kt:167)
	at androidx.compose.compiler.plugins.kotlin.inference.ApplierInferencer$restartable$1.invoke(ApplierInferencer.kt:354)
	at androidx.compose.compiler.plugins.kotlin.inference.ApplierInferencer$restartable$1.invoke(ApplierInferencer.kt:354)
	at androidx.compose.compiler.plugins.kotlin.inference.ApplierInferencer.visitCall$lambda$14(ApplierInferencer.kt:394)
	at androidx.compose.compiler.plugins.kotlin.inference.ApplierInferencer$$Lambda/0x000001a416b0ca40.invoke(Unknown Source)
	at androidx.compose.compiler.plugins.kotlin.inference.ApplierInferencer.restartable(ApplierInferencer.kt:354)
	at androidx.compose.compiler.plugins.kotlin.inference.ApplierInferencer.visitCall(ApplierInferencer.kt:392)
	at androidx.compose.compiler.plugins.kotlin.lower.ComposableTargetAnnotationsTransformer.visitCall(ComposableTargetAnnotationsTransformer.kt:287)
	at org.jetbrains.kotlin.ir.visitors.IrElementTransformerVoid.visitCall(IrElementTransformerVoid.kt:299)
	at org.jetbrains.kotlin.ir.visitors.IrElementTransformerVoid.visitCall(IrElementTransformerVoid.kt:19)
	at org.jetbrains.kotlin.ir.expressions.IrCall.accept(IrCall.kt:24)
	at org.jetbrains.kotlin.ir.expressions.IrExpression.transform(IrExpression.kt:23)
	at org.jetbrains.kotlin.ir.expressions.IrExpression.transform(IrExpression.kt:19)
	at org.jetbrains.kotlin.ir.util.TransformKt.transformInPlace(transform.kt:35)
	at org.jetbrains.kotlin.ir.expressions.IrBlockBody.transformChildren(IrBlockBody.kt:27)
	at org.jetbrains.kotlin.ir.visitors.IrElementTransformerVoid.visitBody(IrElementTransformerVoid.kt:174)


